// Jest Snapshot v1, https://goo.gl/fbAQLP

exports[`Controls Component matches snapshot 1`] = `
<div
  className="controls panel"
>
  <button
    className="toggle-btn"
    data-testid="lockBtn"
    disabled={true}
  >
    Lock Gate
  </button>
  <button
    className="toggle-btn"
    data-testid="closeBtn"
  >
    Close Gate
  </button>
</div>
`;
